Archive member included to satisfy reference by file (symbol)

c:/program files (x86)/atmel/studio/7.0/toolchain/avr8/avr8-gnu-toolchain/bin/../lib/gcc/avr/5.4.0/avr5\libgcc.a(_divmodhi4.o)
                              MCAL/TIM2/TIM2_prog.o (__divmodhi4)
c:/program files (x86)/atmel/studio/7.0/toolchain/avr8/avr8-gnu-toolchain/bin/../lib/gcc/avr/5.4.0/avr5\libgcc.a(_exit.o)
                              C:/Program Files (x86)/Atmel/Studio/7.0/Packs/atmel/ATmega_DFP/1.7.374/gcc/dev/atmega32/avr5/crtatmega32.o (exit)
c:/program files (x86)/atmel/studio/7.0/toolchain/avr8/avr8-gnu-toolchain/bin/../lib/gcc/avr/5.4.0/avr5\libgcc.a(_copy_data.o)
                              APP/main.o (__do_copy_data)
c:/program files (x86)/atmel/studio/7.0/toolchain/avr8/avr8-gnu-toolchain/bin/../lib/gcc/avr/5.4.0/avr5\libgcc.a(_umulhisi3.o)
                              HAL/LCD/LCD_prog.o (__umulhisi3)
c:/program files (x86)/atmel/studio/7.0/toolchain/avr8/avr8-gnu-toolchain/bin/../lib/gcc/avr/5.4.0/avr5\libgcc.a(_udivmodhi4.o)
                              c:/program files (x86)/atmel/studio/7.0/toolchain/avr8/avr8-gnu-toolchain/bin/../lib/gcc/avr/5.4.0/avr5\libgcc.a(_divmodhi4.o) (__udivmodhi4)

Discarded input sections

 .data          0x00000000        0x0 C:/Program Files (x86)/Atmel/Studio/7.0/Packs/atmel/ATmega_DFP/1.7.374/gcc/dev/atmega32/avr5/crtatmega32.o
 .bss           0x00000000        0x0 C:/Program Files (x86)/Atmel/Studio/7.0/Packs/atmel/ATmega_DFP/1.7.374/gcc/dev/atmega32/avr5/crtatmega32.o
 .text          0x00000000        0x0 APP/main.o
 .data          0x00000000        0x0 APP/main.o
 .bss           0x00000000        0x0 APP/main.o
 .text          0x00000000        0x0 HAL/BUZZER/BUZZER_prog.o
 .data          0x00000000        0x0 HAL/BUZZER/BUZZER_prog.o
 .bss           0x00000000        0x0 HAL/BUZZER/BUZZER_prog.o
 .text.BUZZER_voidON
                0x00000000       0x1e HAL/BUZZER/BUZZER_prog.o
 .text.BUZZER_voidOFF
                0x00000000       0x1e HAL/BUZZER/BUZZER_prog.o
 .text.BUZZER_voidToggle
                0x00000000       0x1c HAL/BUZZER/BUZZER_prog.o
 .debug_info    0x00000000      0x1f5 HAL/BUZZER/BUZZER_prog.o
 .debug_abbrev  0x00000000       0x98 HAL/BUZZER/BUZZER_prog.o
 .debug_loc     0x00000000      0x195 HAL/BUZZER/BUZZER_prog.o
 .debug_aranges
                0x00000000       0x30 HAL/BUZZER/BUZZER_prog.o
 .debug_ranges  0x00000000       0x20 HAL/BUZZER/BUZZER_prog.o
 .debug_line    0x00000000       0xf6 HAL/BUZZER/BUZZER_prog.o
 .debug_str     0x00000000      0x1e1 HAL/BUZZER/BUZZER_prog.o
 .comment       0x00000000       0x31 HAL/BUZZER/BUZZER_prog.o
 .debug_frame   0x00000000       0x68 HAL/BUZZER/BUZZER_prog.o
 .text          0x00000000        0x0 HAL/DC_MOTOR/DCMOTOR_prog.o
 .data          0x00000000        0x0 HAL/DC_MOTOR/DCMOTOR_prog.o
 .bss           0x00000000        0x0 HAL/DC_MOTOR/DCMOTOR_prog.o
 .text          0x00000000        0x0 HAL/LCD/LCD_prog.o
 .data          0x00000000        0x0 HAL/LCD/LCD_prog.o
 .bss           0x00000000        0x0 HAL/LCD/LCD_prog.o
 .text.LCD_voidSendNum
                0x00000000       0xc0 HAL/LCD/LCD_prog.o
 .text.LCD_voidGotoXY
                0x00000000       0x10 HAL/LCD/LCD_prog.o
 .text.LCD_voidDisplayGraphicalData
                0x00000000       0x56 HAL/LCD/LCD_prog.o
 .text          0x00000000        0x0 HAL/LED/LED_prog.o
 .data          0x00000000        0x0 HAL/LED/LED_prog.o
 .bss           0x00000000        0x0 HAL/LED/LED_prog.o
 .text.LED_voidToggle
                0x00000000       0x1c HAL/LED/LED_prog.o
 .text          0x00000000        0x0 MCAL/DIO/DIO_prog.o
 .data          0x00000000        0x0 MCAL/DIO/DIO_prog.o
 .bss           0x00000000        0x0 MCAL/DIO/DIO_prog.o
 .text.DIO_u8ReadPinVal
                0x00000000       0x5c MCAL/DIO/DIO_prog.o
 .text.DIO_voidTogglePinVal
                0x00000000       0x68 MCAL/DIO/DIO_prog.o
 .text.DIO_voidSetPortVal
                0x00000000       0x20 MCAL/DIO/DIO_prog.o
 .text          0x00000000        0x0 MCAL/TIM0/TIM0_prog.o
 .data          0x00000000        0x0 MCAL/TIM0/TIM0_prog.o
 .bss           0x00000000        0x0 MCAL/TIM0/TIM0_prog.o
 .text          0x00000000        0x0 MCAL/TIM2/TIM2_prog.o
 .data          0x00000000        0x0 MCAL/TIM2/TIM2_prog.o
 .bss           0x00000000        0x0 MCAL/TIM2/TIM2_prog.o
 .text          0x00000000        0x0 MCAL/UART/UART_prog.o
 .data          0x00000000        0x0 MCAL/UART/UART_prog.o
 .bss           0x00000000        0x0 MCAL/UART/UART_prog.o
 .text.UART_voidSendData
                0x00000000        0x8 MCAL/UART/UART_prog.o
 .text          0x00000000        0x0 c:/program files (x86)/atmel/studio/7.0/toolchain/avr8/avr8-gnu-toolchain/bin/../lib/gcc/avr/5.4.0/avr5\libgcc.a(_divmodhi4.o)
 .data          0x00000000        0x0 c:/program files (x86)/atmel/studio/7.0/toolchain/avr8/avr8-gnu-toolchain/bin/../lib/gcc/avr/5.4.0/avr5\libgcc.a(_divmodhi4.o)
 .bss           0x00000000        0x0 c:/program files (x86)/atmel/studio/7.0/toolchain/avr8/avr8-gnu-toolchain/bin/../lib/gcc/avr/5.4.0/avr5\libgcc.a(_divmodhi4.o)
 .text.libgcc.mul
                0x00000000        0x0 c:/program files (x86)/atmel/studio/7.0/toolchain/avr8/avr8-gnu-toolchain/bin/../lib/gcc/avr/5.4.0/avr5\libgcc.a(_divmodhi4.o)
 .text.libgcc   0x00000000        0x0 c:/program files (x86)/atmel/studio/7.0/toolchain/avr8/avr8-gnu-toolchain/bin/../lib/gcc/avr/5.4.0/avr5\libgcc.a(_divmodhi4.o)
 .text.libgcc.prologue
                0x00000000        0x0 c:/program files (x86)/atmel/studio/7.0/toolchain/avr8/avr8-gnu-toolchain/bin/../lib/gcc/avr/5.4.0/avr5\libgcc.a(_divmodhi4.o)
 .text.libgcc.builtins
                0x00000000        0x0 c:/program files (x86)/atmel/studio/7.0/toolchain/avr8/avr8-gnu-toolchain/bin/../lib/gcc/avr/5.4.0/avr5\libgcc.a(_divmodhi4.o)
 .text.libgcc.fmul
                0x00000000        0x0 c:/program files (x86)/atmel/studio/7.0/toolchain/avr8/avr8-gnu-toolchain/bin/../lib/gcc/avr/5.4.0/avr5\libgcc.a(_divmodhi4.o)
 .text.libgcc.fixed
                0x00000000        0x0 c:/program files (x86)/atmel/studio/7.0/toolchain/avr8/avr8-gnu-toolchain/bin/../lib/gcc/avr/5.4.0/avr5\libgcc.a(_divmodhi4.o)
 .text          0x00000000        0x0 c:/program files (x86)/atmel/studio/7.0/toolchain/avr8/avr8-gnu-toolchain/bin/../lib/gcc/avr/5.4.0/avr5\libgcc.a(_exit.o)
 .data          0x00000000        0x0 c:/program files (x86)/atmel/studio/7.0/toolchain/avr8/avr8-gnu-toolchain/bin/../lib/gcc/avr/5.4.0/avr5\libgcc.a(_exit.o)
 .bss           0x00000000        0x0 c:/program files (x86)/atmel/studio/7.0/toolchain/avr8/avr8-gnu-toolchain/bin/../lib/gcc/avr/5.4.0/avr5\libgcc.a(_exit.o)
 .text.libgcc.mul
                0x00000000        0x0 c:/program files (x86)/atmel/studio/7.0/toolchain/avr8/avr8-gnu-toolchain/bin/../lib/gcc/avr/5.4.0/avr5\libgcc.a(_exit.o)
 .text.libgcc.div
                0x00000000        0x0 c:/program files (x86)/atmel/studio/7.0/toolchain/avr8/avr8-gnu-toolchain/bin/../lib/gcc/avr/5.4.0/avr5\libgcc.a(_exit.o)
 .text.libgcc   0x00000000        0x0 c:/program files (x86)/atmel/studio/7.0/toolchain/avr8/avr8-gnu-toolchain/bin/../lib/gcc/avr/5.4.0/avr5\libgcc.a(_exit.o)
 .text.libgcc.prologue
                0x00000000        0x0 c:/program files (x86)/atmel/studio/7.0/toolchain/avr8/avr8-gnu-toolchain/bin/../lib/gcc/avr/5.4.0/avr5\libgcc.a(_exit.o)
 .text.libgcc.builtins
                0x00000000        0x0 c:/program files (x86)/atmel/studio/7.0/toolchain/avr8/avr8-gnu-toolchain/bin/../lib/gcc/avr/5.4.0/avr5\libgcc.a(_exit.o)
 .text.libgcc.fmul
                0x00000000        0x0 c:/program files (x86)/atmel/studio/7.0/toolchain/avr8/avr8-gnu-toolchain/bin/../lib/gcc/avr/5.4.0/avr5\libgcc.a(_exit.o)
 .text.libgcc.fixed
                0x00000000        0x0 c:/program files (x86)/atmel/studio/7.0/toolchain/avr8/avr8-gnu-toolchain/bin/../lib/gcc/avr/5.4.0/avr5\libgcc.a(_exit.o)
 .text          0x00000000        0x0 c:/program files (x86)/atmel/studio/7.0/toolchain/avr8/avr8-gnu-toolchain/bin/../lib/gcc/avr/5.4.0/avr5\libgcc.a(_copy_data.o)
 .data          0x00000000        0x0 c:/program files (x86)/atmel/studio/7.0/toolchain/avr8/avr8-gnu-toolchain/bin/../lib/gcc/avr/5.4.0/avr5\libgcc.a(_copy_data.o)
 .bss           0x00000000        0x0 c:/program files (x86)/atmel/studio/7.0/toolchain/avr8/avr8-gnu-toolchain/bin/../lib/gcc/avr/5.4.0/avr5\libgcc.a(_copy_data.o)
 .text.libgcc.mul
                0x00000000        0x0 c:/program files (x86)/atmel/studio/7.0/toolchain/avr8/avr8-gnu-toolchain/bin/../lib/gcc/avr/5.4.0/avr5\libgcc.a(_copy_data.o)
 .text.libgcc.div
                0x00000000        0x0 c:/program files (x86)/atmel/studio/7.0/toolchain/avr8/avr8-gnu-toolchain/bin/../lib/gcc/avr/5.4.0/avr5\libgcc.a(_copy_data.o)
 .text.libgcc   0x00000000        0x0 c:/program files (x86)/atmel/studio/7.0/toolchain/avr8/avr8-gnu-toolchain/bin/../lib/gcc/avr/5.4.0/avr5\libgcc.a(_copy_data.o)
 .text.libgcc.prologue
                0x00000000        0x0 c:/program files (x86)/atmel/studio/7.0/toolchain/avr8/avr8-gnu-toolchain/bin/../lib/gcc/avr/5.4.0/avr5\libgcc.a(_copy_data.o)
 .text.libgcc.builtins
                0x00000000        0x0 c:/program files (x86)/atmel/studio/7.0/toolchain/avr8/avr8-gnu-toolchain/bin/../lib/gcc/avr/5.4.0/avr5\libgcc.a(_copy_data.o)
 .text.libgcc.fmul
                0x00000000        0x0 c:/program files (x86)/atmel/studio/7.0/toolchain/avr8/avr8-gnu-toolchain/bin/../lib/gcc/avr/5.4.0/avr5\libgcc.a(_copy_data.o)
 .text.libgcc.fixed
                0x00000000        0x0 c:/program files (x86)/atmel/studio/7.0/toolchain/avr8/avr8-gnu-toolchain/bin/../lib/gcc/avr/5.4.0/avr5\libgcc.a(_copy_data.o)
 .text          0x00000000        0x0 c:/program files (x86)/atmel/studio/7.0/toolchain/avr8/avr8-gnu-toolchain/bin/../lib/gcc/avr/5.4.0/avr5\libgcc.a(_umulhisi3.o)
 .data          0x00000000        0x0 c:/program files (x86)/atmel/studio/7.0/toolchain/avr8/avr8-gnu-toolchain/bin/../lib/gcc/avr/5.4.0/avr5\libgcc.a(_umulhisi3.o)
 .bss           0x00000000        0x0 c:/program files (x86)/atmel/studio/7.0/toolchain/avr8/avr8-gnu-toolchain/bin/../lib/gcc/avr/5.4.0/avr5\libgcc.a(_umulhisi3.o)
 .text.libgcc.mul
                0x00000000       0x1e c:/program files (x86)/atmel/studio/7.0/toolchain/avr8/avr8-gnu-toolchain/bin/../lib/gcc/avr/5.4.0/avr5\libgcc.a(_umulhisi3.o)
 .text.libgcc.div
                0x00000000        0x0 c:/program files (x86)/atmel/studio/7.0/toolchain/avr8/avr8-gnu-toolchain/bin/../lib/gcc/avr/5.4.0/avr5\libgcc.a(_umulhisi3.o)
 .text.libgcc   0x00000000        0x0 c:/program files (x86)/atmel/studio/7.0/toolchain/avr8/avr8-gnu-toolchain/bin/../lib/gcc/avr/5.4.0/avr5\libgcc.a(_umulhisi3.o)
 .text.libgcc.prologue
                0x00000000        0x0 c:/program files (x86)/atmel/studio/7.0/toolchain/avr8/avr8-gnu-toolchain/bin/../lib/gcc/avr/5.4.0/avr5\libgcc.a(_umulhisi3.o)
 .text.libgcc.builtins
                0x00000000        0x0 c:/program files (x86)/atmel/studio/7.0/toolchain/avr8/avr8-gnu-toolchain/bin/../lib/gcc/avr/5.4.0/avr5\libgcc.a(_umulhisi3.o)
 .text.libgcc.fmul
                0x00000000        0x0 c:/program files (x86)/atmel/studio/7.0/toolchain/avr8/avr8-gnu-toolchain/bin/../lib/gcc/avr/5.4.0/avr5\libgcc.a(_umulhisi3.o)
 .text.libgcc.fixed
                0x00000000        0x0 c:/program files (x86)/atmel/studio/7.0/toolchain/avr8/avr8-gnu-toolchain/bin/../lib/gcc/avr/5.4.0/avr5\libgcc.a(_umulhisi3.o)
 .text          0x00000000        0x0 c:/program files (x86)/atmel/studio/7.0/toolchain/avr8/avr8-gnu-toolchain/bin/../lib/gcc/avr/5.4.0/avr5\libgcc.a(_udivmodhi4.o)
 .data          0x00000000        0x0 c:/program files (x86)/atmel/studio/7.0/toolchain/avr8/avr8-gnu-toolchain/bin/../lib/gcc/avr/5.4.0/avr5\libgcc.a(_udivmodhi4.o)
 .bss           0x00000000        0x0 c:/program files (x86)/atmel/studio/7.0/toolchain/avr8/avr8-gnu-toolchain/bin/../lib/gcc/avr/5.4.0/avr5\libgcc.a(_udivmodhi4.o)
 .text.libgcc.mul
                0x00000000        0x0 c:/program files (x86)/atmel/studio/7.0/toolchain/avr8/avr8-gnu-toolchain/bin/../lib/gcc/avr/5.4.0/avr5\libgcc.a(_udivmodhi4.o)
 .text.libgcc   0x00000000        0x0 c:/program files (x86)/atmel/studio/7.0/toolchain/avr8/avr8-gnu-toolchain/bin/../lib/gcc/avr/5.4.0/avr5\libgcc.a(_udivmodhi4.o)
 .text.libgcc.prologue
                0x00000000        0x0 c:/program files (x86)/atmel/studio/7.0/toolchain/avr8/avr8-gnu-toolchain/bin/../lib/gcc/avr/5.4.0/avr5\libgcc.a(_udivmodhi4.o)
 .text.libgcc.builtins
                0x00000000        0x0 c:/program files (x86)/atmel/studio/7.0/toolchain/avr8/avr8-gnu-toolchain/bin/../lib/gcc/avr/5.4.0/avr5\libgcc.a(_udivmodhi4.o)
 .text.libgcc.fmul
                0x00000000        0x0 c:/program files (x86)/atmel/studio/7.0/toolchain/avr8/avr8-gnu-toolchain/bin/../lib/gcc/avr/5.4.0/avr5\libgcc.a(_udivmodhi4.o)
 .text.libgcc.fixed
                0x00000000        0x0 c:/program files (x86)/atmel/studio/7.0/toolchain/avr8/avr8-gnu-toolchain/bin/../lib/gcc/avr/5.4.0/avr5\libgcc.a(_udivmodhi4.o)

Memory Configuration

Name             Origin             Length             Attributes
text             0x00000000         0x00008000         xr
data             0x00800060         0x00000800         rw !x
eeprom           0x00810000         0x00000400         rw !x
fuse             0x00820000         0x00000002         rw !x
lock             0x00830000         0x00000400         rw !x
signature        0x00840000         0x00000400         rw !x
user_signatures  0x00850000         0x00000400         rw !x
*default*        0x00000000         0xffffffff

Linker script and memory map

LOAD C:/Program Files (x86)/Atmel/Studio/7.0/Packs/atmel/ATmega_DFP/1.7.374/gcc/dev/atmega32/avr5/crtatmega32.o
LOAD APP/main.o
LOAD HAL/BUZZER/BUZZER_prog.o
LOAD HAL/DC_MOTOR/DCMOTOR_prog.o
LOAD HAL/LCD/LCD_prog.o
LOAD HAL/LED/LED_prog.o
LOAD MCAL/DIO/DIO_prog.o
LOAD MCAL/TIM0/TIM0_prog.o
LOAD MCAL/TIM2/TIM2_prog.o
LOAD MCAL/UART/UART_prog.o
START GROUP
LOAD c:/program files (x86)/atmel/studio/7.0/toolchain/avr8/avr8-gnu-toolchain/bin/../lib/gcc/avr/5.4.0/../../../../avr/lib/avr5\libm.a
END GROUP
START GROUP
LOAD c:/program files (x86)/atmel/studio/7.0/toolchain/avr8/avr8-gnu-toolchain/bin/../lib/gcc/avr/5.4.0/avr5\libgcc.a
LOAD c:/program files (x86)/atmel/studio/7.0/toolchain/avr8/avr8-gnu-toolchain/bin/../lib/gcc/avr/5.4.0/../../../../avr/lib/avr5\libm.a
LOAD c:/program files (x86)/atmel/studio/7.0/toolchain/avr8/avr8-gnu-toolchain/bin/../lib/gcc/avr/5.4.0/../../../../avr/lib/avr5\libc.a
LOAD C:/Program Files (x86)/Atmel/Studio/7.0/Packs/atmel/ATmega_DFP/1.7.374/gcc/dev/atmega32/avr5\libatmega32.a
END GROUP
                0x00000000                __TEXT_REGION_ORIGIN__ = DEFINED (__TEXT_REGION_ORIGIN__)?__TEXT_REGION_ORIGIN__:0x0
                [0x00800060]                __DATA_REGION_ORIGIN__ = DEFINED (__DATA_REGION_ORIGIN__)?__DATA_REGION_ORIGIN__:0x800060
                [0x00008000]                __TEXT_REGION_LENGTH__ = DEFINED (__TEXT_REGION_LENGTH__)?__TEXT_REGION_LENGTH__:0x20000
                [0x00000800]                __DATA_REGION_LENGTH__ = DEFINED (__DATA_REGION_LENGTH__)?__DATA_REGION_LENGTH__:0xffa0
                [0x00000400]                __EEPROM_REGION_LENGTH__ = DEFINED (__EEPROM_REGION_LENGTH__)?__EEPROM_REGION_LENGTH__:0x10000
                [0x00000002]                __FUSE_REGION_LENGTH__ = DEFINED (__FUSE_REGION_LENGTH__)?__FUSE_REGION_LENGTH__:0x400
                0x00000400                __LOCK_REGION_LENGTH__ = DEFINED (__LOCK_REGION_LENGTH__)?__LOCK_REGION_LENGTH__:0x400
                0x00000400                __SIGNATURE_REGION_LENGTH__ = DEFINED (__SIGNATURE_REGION_LENGTH__)?__SIGNATURE_REGION_LENGTH__:0x400
                0x00000400                __USER_SIGNATURE_REGION_LENGTH__ = DEFINED (__USER_SIGNATURE_REGION_LENGTH__)?__USER_SIGNATURE_REGION_LENGTH__:0x400

.hash
 *(.hash)

.dynsym
 *(.dynsym)

.dynstr
 *(.dynstr)

.gnu.version
 *(.gnu.version)

.gnu.version_d
 *(.gnu.version_d)

.gnu.version_r
 *(.gnu.version_r)

.rel.init
 *(.rel.init)

.rela.init
 *(.rela.init)

.rel.text
 *(.rel.text)
 *(.rel.text.*)
 *(.rel.gnu.linkonce.t*)

.rela.text
 *(.rela.text)
 *(.rela.text.*)
 *(.rela.gnu.linkonce.t*)

.rel.fini
 *(.rel.fini)

.rela.fini
 *(.rela.fini)

.rel.rodata
 *(.rel.rodata)
 *(.rel.rodata.*)
 *(.rel.gnu.linkonce.r*)

.rela.rodata
 *(.rela.rodata)
 *(.rela.rodata.*)
 *(.rela.gnu.linkonce.r*)

.rel.data
 *(.rel.data)
 *(.rel.data.*)
 *(.rel.gnu.linkonce.d*)

.rela.data
 *(.rela.data)
 *(.rela.data.*)
 *(.rela.gnu.linkonce.d*)

.rel.ctors
 *(.rel.ctors)

.rela.ctors
 *(.rela.ctors)

.rel.dtors
 *(.rel.dtors)

.rela.dtors
 *(.rela.dtors)

.rel.got
 *(.rel.got)

.rela.got
 *(.rela.got)

.rel.bss
 *(.rel.bss)

.rela.bss
 *(.rela.bss)

.rel.plt
 *(.rel.plt)

.rela.plt
 *(.rela.plt)

.text           0x00000000      0x6a8
 *(.vectors)
 .vectors       0x00000000       0x54 C:/Program Files (x86)/Atmel/Studio/7.0/Packs/atmel/ATmega_DFP/1.7.374/gcc/dev/atmega32/avr5/crtatmega32.o
                0x00000000                __vector_default
                0x00000000                __vectors
 *(.vectors)
 *(.progmem.gcc*)
                0x00000054                . = ALIGN (0x2)
                0x00000054                __trampolines_start = .
 *(.trampolines)
 .trampolines   0x00000054        0x0 linker stubs
 *(.trampolines*)
                0x00000054                __trampolines_end = .
 *libprintf_flt.a:*(.progmem.data)
 *libc.a:*(.progmem.data)
 *(.progmem*)
                0x00000054                . = ALIGN (0x2)
 *(.jumptables)
 *(.jumptables*)
 *(.lowtext)
 *(.lowtext*)
                0x00000054                __ctors_start = .
 *(.ctors)
                0x00000054                __ctors_end = .
                0x00000054                __dtors_start = .
 *(.dtors)
                0x00000054                __dtors_end = .
 SORT(*)(.ctors)
 SORT(*)(.dtors)
 *(.init0)
 .init0         0x00000054        0x0 C:/Program Files (x86)/Atmel/Studio/7.0/Packs/atmel/ATmega_DFP/1.7.374/gcc/dev/atmega32/avr5/crtatmega32.o
                0x00000054                __init
 *(.init0)
 *(.init1)
 *(.init1)
 *(.init2)
 .init2         0x00000054        0xc C:/Program Files (x86)/Atmel/Studio/7.0/Packs/atmel/ATmega_DFP/1.7.374/gcc/dev/atmega32/avr5/crtatmega32.o
 *(.init2)
 *(.init3)
 *(.init3)
 *(.init4)
 .init4         0x00000060       0x16 c:/program files (x86)/atmel/studio/7.0/toolchain/avr8/avr8-gnu-toolchain/bin/../lib/gcc/avr/5.4.0/avr5\libgcc.a(_copy_data.o)
                0x00000060                __do_copy_data
 *(.init4)
 *(.init5)
 *(.init5)
 *(.init6)
 *(.init6)
 *(.init7)
 *(.init7)
 *(.init8)
 *(.init8)
 *(.init9)
 .init9         0x00000076        0x8 C:/Program Files (x86)/Atmel/Studio/7.0/Packs/atmel/ATmega_DFP/1.7.374/gcc/dev/atmega32/avr5/crtatmega32.o
 *(.init9)
 *(.text)
 .text          0x0000007e        0x4 C:/Program Files (x86)/Atmel/Studio/7.0/Packs/atmel/ATmega_DFP/1.7.374/gcc/dev/atmega32/avr5/crtatmega32.o
                0x0000007e                __vector_1
                0x0000007e                __vector_12
                0x0000007e                __bad_interrupt
                0x0000007e                __vector_6
                0x0000007e                __vector_3
                0x0000007e                __vector_11
                0x0000007e                __vector_13
                0x0000007e                __vector_17
                0x0000007e                __vector_19
                0x0000007e                __vector_7
                0x0000007e                __vector_5
                0x0000007e                __vector_4
                0x0000007e                __vector_9
                0x0000007e                __vector_2
                0x0000007e                __vector_15
                0x0000007e                __vector_8
                0x0000007e                __vector_14
                0x0000007e                __vector_10
                0x0000007e                __vector_16
                0x0000007e                __vector_18
                0x0000007e                __vector_20
                0x00000082                . = ALIGN (0x2)
 *(.text.*)
 .text.main     0x00000082       0xe8 APP/main.o
                0x00000082                main
 .text.DCMOTOR_voidInit
                0x0000016a       0x3e HAL/DC_MOTOR/DCMOTOR_prog.o
                0x0000016a                DCMOTOR_voidInit
 .text.DCMOTOR_voidForward
                0x000001a8       0x2e HAL/DC_MOTOR/DCMOTOR_prog.o
                0x000001a8                DCMOTOR_voidForward
 .text.DCMOTOR_voidReverse
                0x000001d6       0x2e HAL/DC_MOTOR/DCMOTOR_prog.o
                0x000001d6                DCMOTOR_voidReverse
 .text.DCMOTOR_voidLeft
                0x00000204       0x2e HAL/DC_MOTOR/DCMOTOR_prog.o
                0x00000204                DCMOTOR_voidLeft
 .text.DCMOTOR_voidRight
                0x00000232       0x2e HAL/DC_MOTOR/DCMOTOR_prog.o
                0x00000232                DCMOTOR_voidRight
 .text.DCMOTOR_voidStop
                0x00000260       0x2e HAL/DC_MOTOR/DCMOTOR_prog.o
                0x00000260                DCMOTOR_voidStop
 .text.LCD_voidSendHalfData
                0x0000028e       0x38 HAL/LCD/LCD_prog.o
 .text.LCD_voidSendEnablePulse
                0x000002c6       0x1e HAL/LCD/LCD_prog.o
 .text.LCD_voidSendCommand
                0x000002e4       0x2a HAL/LCD/LCD_prog.o
                0x000002e4                LCD_voidSendCommand
 .text.LCD_voidSendData
                0x0000030e       0x2a HAL/LCD/LCD_prog.o
                0x0000030e                LCD_voidSendData
 .text.LCD_voidClear
                0x00000338        0x8 HAL/LCD/LCD_prog.o
                0x00000338                LCD_voidClear
 .text.LCD_voidInit
                0x00000340       0x42 HAL/LCD/LCD_prog.o
                0x00000340                LCD_voidInit
 .text.LCD_voidSendString
                0x00000382       0x26 HAL/LCD/LCD_prog.o
                0x00000382                LCD_voidSendString
 .text.LED_voidON
                0x000003a8       0x1e HAL/LED/LED_prog.o
                0x000003a8                LED_voidON
 .text.LED_voidOFF
                0x000003c6       0x1e HAL/LED/LED_prog.o
                0x000003c6                LED_voidOFF
 .text.DIO_voidSetPinDir
                0x000003e4       0xe0 MCAL/DIO/DIO_prog.o
                0x000003e4                DIO_voidSetPinDir
 .text.DIO_voidSetPinVal
                0x000004c4       0xe0 MCAL/DIO/DIO_prog.o
                0x000004c4                DIO_voidSetPinVal
 .text.DIO_voidSetPortDir
                0x000005a4       0x20 MCAL/DIO/DIO_prog.o
                0x000005a4                DIO_voidSetPortDir
 .text.TIM0_voidInit
                0x000005c4        0xa MCAL/TIM0/TIM0_prog.o
                0x000005c4                TIM0_voidInit
 .text.TIM0_voidDelayMs
                0x000005ce       0x20 MCAL/TIM0/TIM0_prog.o
                0x000005ce                TIM0_voidDelayMs
 .text.TIM2_voidInit
                0x000005ee       0x2e MCAL/TIM2/TIM2_prog.o
                0x000005ee                TIM2_voidInit
 .text.TIM2_voidFastPWM
                0x0000061c       0x1a MCAL/TIM2/TIM2_prog.o
                0x0000061c                TIM2_voidFastPWM
 .text.UART_voidInit
                0x00000636       0x16 MCAL/UART/UART_prog.o
                0x00000636                UART_voidInit
 .text.UART_u8ReceiveData
                0x0000064c        0x8 MCAL/UART/UART_prog.o
                0x0000064c                UART_u8ReceiveData
 .text.libgcc.div
                0x00000654       0x28 c:/program files (x86)/atmel/studio/7.0/toolchain/avr8/avr8-gnu-toolchain/bin/../lib/gcc/avr/5.4.0/avr5\libgcc.a(_divmodhi4.o)
                0x00000654                _div
                0x00000654                __divmodhi4
 .text.libgcc.div
                0x0000067c       0x28 c:/program files (x86)/atmel/studio/7.0/toolchain/avr8/avr8-gnu-toolchain/bin/../lib/gcc/avr/5.4.0/avr5\libgcc.a(_udivmodhi4.o)
                0x0000067c                __udivmodhi4
                0x000006a4                . = ALIGN (0x2)
 *(.fini9)
 .fini9         0x000006a4        0x0 c:/program files (x86)/atmel/studio/7.0/toolchain/avr8/avr8-gnu-toolchain/bin/../lib/gcc/avr/5.4.0/avr5\libgcc.a(_exit.o)
                0x000006a4                _exit
                0x000006a4                exit
 *(.fini9)
 *(.fini8)
 *(.fini8)
 *(.fini7)
 *(.fini7)
 *(.fini6)
 *(.fini6)
 *(.fini5)
 *(.fini5)
 *(.fini4)
 *(.fini4)
 *(.fini3)
 *(.fini3)
 *(.fini2)
 *(.fini2)
 *(.fini1)
 *(.fini1)
 *(.fini0)
 .fini0         0x000006a4        0x4 c:/program files (x86)/atmel/studio/7.0/toolchain/avr8/avr8-gnu-toolchain/bin/../lib/gcc/avr/5.4.0/avr5\libgcc.a(_exit.o)
 *(.fini0)
                0x000006a8                _etext = .

.data           0x00800060       0x26 load address 0x000006a8
                0x00800060                PROVIDE (__data_start, .)
 *(.data)
 *(.data*)
 *(.gnu.linkonce.d*)
 *(.rodata)
 *(.rodata*)
 .rodata.str1.1
                0x00800060       0x21 APP/main.o
 .rodata.Loc_LCD_Bits.1622
                0x00800081        0x4 HAL/LCD/LCD_prog.o
 *(.gnu.linkonce.r*)
                0x00800086                . = ALIGN (0x2)
 *fill*         0x00800085        0x1 
                0x00800086                _edata = .
                0x00800086                PROVIDE (__data_end, .)

.bss            0x00800086        0x0
                [!provide]                PROVIDE (__bss_start, .)
 *(.bss)
 *(.bss*)
 *(COMMON)
                [!provide]                PROVIDE (__bss_end, .)
                0x000006a8                __data_load_start = LOADADDR (.data)
                0x000006ce                __data_load_end = (__data_load_start + SIZEOF (.data))

.noinit         0x00800086        0x0
                [!provide]                PROVIDE (__noinit_start, .)
 *(.noinit*)
                [!provide]                PROVIDE (__noinit_end, .)
                0x00800086                _end = .
                [!provide]                PROVIDE (__heap_start, .)

.eeprom         0x00810000        0x0
 *(.eeprom*)
                0x00810000                __eeprom_end = .

.fuse
 *(.fuse)
 *(.lfuse)
 *(.hfuse)
 *(.efuse)

.lock
 *(.lock*)

.signature
 *(.signature*)

.user_signatures
 *(.user_signatures*)

.stab
 *(.stab)

.stabstr
 *(.stabstr)

.stab.excl
 *(.stab.excl)

.stab.exclstr
 *(.stab.exclstr)

.stab.index
 *(.stab.index)

.stab.indexstr
 *(.stab.indexstr)

.comment        0x00000000       0x30
 *(.comment)
 .comment       0x00000000       0x30 APP/main.o
                                 0x31 (size before relaxing)
 .comment       0x00000030       0x31 HAL/DC_MOTOR/DCMOTOR_prog.o
 .comment       0x00000030       0x31 HAL/LCD/LCD_prog.o
 .comment       0x00000030       0x31 HAL/LED/LED_prog.o
 .comment       0x00000030       0x31 MCAL/DIO/DIO_prog.o
 .comment       0x00000030       0x31 MCAL/TIM0/TIM0_prog.o
 .comment       0x00000030       0x31 MCAL/TIM2/TIM2_prog.o
 .comment       0x00000030       0x31 MCAL/UART/UART_prog.o

.note.gnu.avr.deviceinfo
                0x00000000       0x3c
 .note.gnu.avr.deviceinfo
                0x00000000       0x3c C:/Program Files (x86)/Atmel/Studio/7.0/Packs/atmel/ATmega_DFP/1.7.374/gcc/dev/atmega32/avr5/crtatmega32.o

.note.gnu.build-id
 *(.note.gnu.build-id)

.debug
 *(.debug)

.line
 *(.line)

.debug_srcinfo
 *(.debug_srcinfo)

.debug_sfnames
 *(.debug_sfnames)

.debug_aranges  0x00000000      0x1c8
 *(.debug_aranges)
 .debug_aranges
                0x00000000       0x20 APP/main.o
 .debug_aranges
                0x00000020       0x48 HAL/DC_MOTOR/DCMOTOR_prog.o
 .debug_aranges
                0x00000068       0x68 HAL/LCD/LCD_prog.o
 .debug_aranges
                0x000000d0       0x30 HAL/LED/LED_prog.o
 .debug_aranges
                0x00000100       0x48 MCAL/DIO/DIO_prog.o
 .debug_aranges
                0x00000148       0x28 MCAL/TIM0/TIM0_prog.o
 .debug_aranges
                0x00000170       0x28 MCAL/TIM2/TIM2_prog.o
 .debug_aranges
                0x00000198       0x30 MCAL/UART/UART_prog.o

.debug_pubnames
 *(.debug_pubnames)

.debug_info     0x00000000     0x195a
 *(.debug_info .gnu.linkonce.wi.*)
 .debug_info    0x00000000      0x4e6 C:/Program Files (x86)/Atmel/Studio/7.0/Packs/atmel/ATmega_DFP/1.7.374/gcc/dev/atmega32/avr5/crtatmega32.o
 .debug_info    0x000004e6      0x3b8 APP/main.o
 .debug_info    0x0000089e      0x4d1 HAL/DC_MOTOR/DCMOTOR_prog.o
 .debug_info    0x00000d6f      0x5b2 HAL/LCD/LCD_prog.o
 .debug_info    0x00001321      0x1f5 HAL/LED/LED_prog.o
 .debug_info    0x00001516      0x1e9 MCAL/DIO/DIO_prog.o
 .debug_info    0x000016ff       0xd3 MCAL/TIM0/TIM0_prog.o
 .debug_info    0x000017d2       0xb6 MCAL/TIM2/TIM2_prog.o
 .debug_info    0x00001888       0xd2 MCAL/UART/UART_prog.o

.debug_abbrev   0x00000000      0xa10
 *(.debug_abbrev)
 .debug_abbrev  0x00000000      0x4a3 C:/Program Files (x86)/Atmel/Studio/7.0/Packs/atmel/ATmega_DFP/1.7.374/gcc/dev/atmega32/avr5/crtatmega32.o
 .debug_abbrev  0x000004a3       0xb3 APP/main.o
 .debug_abbrev  0x00000556       0x98 HAL/DC_MOTOR/DCMOTOR_prog.o
 .debug_abbrev  0x000005ee      0x143 HAL/LCD/LCD_prog.o
 .debug_abbrev  0x00000731       0x98 HAL/LED/LED_prog.o
 .debug_abbrev  0x000007c9       0xb4 MCAL/DIO/DIO_prog.o
 .debug_abbrev  0x0000087d       0x87 MCAL/TIM0/TIM0_prog.o
 .debug_abbrev  0x00000904       0x78 MCAL/TIM2/TIM2_prog.o
 .debug_abbrev  0x0000097c       0x94 MCAL/UART/UART_prog.o

.debug_line     0x00000000      0xd26
 *(.debug_line .debug_line.* .debug_line_end)
 .debug_line    0x00000000      0x116 C:/Program Files (x86)/Atmel/Studio/7.0/Packs/atmel/ATmega_DFP/1.7.374/gcc/dev/atmega32/avr5/crtatmega32.o
 .debug_line    0x00000116      0x226 APP/main.o
 .debug_line    0x0000033c      0x1e7 HAL/DC_MOTOR/DCMOTOR_prog.o
 .debug_line    0x00000523      0x2fc HAL/LCD/LCD_prog.o
 .debug_line    0x0000081f       0xea HAL/LED/LED_prog.o
 .debug_line    0x00000909      0x1d1 MCAL/DIO/DIO_prog.o
 .debug_line    0x00000ada       0xbe MCAL/TIM0/TIM0_prog.o
 .debug_line    0x00000b98       0xbe MCAL/TIM2/TIM2_prog.o
 .debug_line    0x00000c56       0xd0 MCAL/UART/UART_prog.o

.debug_frame    0x00000000      0x338
 *(.debug_frame)
 .debug_frame   0x00000000       0x24 APP/main.o
 .debug_frame   0x00000024       0x74 HAL/DC_MOTOR/DCMOTOR_prog.o
 .debug_frame   0x00000098      0x118 HAL/LCD/LCD_prog.o
 .debug_frame   0x000001b0       0x68 HAL/LED/LED_prog.o
 .debug_frame   0x00000218       0x74 MCAL/DIO/DIO_prog.o
 .debug_frame   0x0000028c       0x34 MCAL/TIM0/TIM0_prog.o
 .debug_frame   0x000002c0       0x34 MCAL/TIM2/TIM2_prog.o
 .debug_frame   0x000002f4       0x44 MCAL/UART/UART_prog.o

.debug_str      0x00000000      0x6f2
 *(.debug_str)
 .debug_str     0x00000000      0x196 C:/Program Files (x86)/Atmel/Studio/7.0/Packs/atmel/ATmega_DFP/1.7.374/gcc/dev/atmega32/avr5/crtatmega32.o
 .debug_str     0x00000196      0x248 APP/main.o
                                0x261 (size before relaxing)
 .debug_str     0x000003de       0x61 HAL/DC_MOTOR/DCMOTOR_prog.o
                                0x214 (size before relaxing)
 .debug_str     0x0000043f      0x186 HAL/LCD/LCD_prog.o
                                0x30c (size before relaxing)
 .debug_str     0x000005c5       0x51 HAL/LED/LED_prog.o
                                0x1d2 (size before relaxing)
 .debug_str     0x00000616       0x5b MCAL/DIO/DIO_prog.o
                                0x204 (size before relaxing)
 .debug_str     0x00000671       0x31 MCAL/TIM0/TIM0_prog.o
                                0x196 (size before relaxing)
 .debug_str     0x000006a2       0x25 MCAL/TIM2/TIM2_prog.o
                                0x18a (size before relaxing)
 .debug_str     0x000006c7       0x2b MCAL/UART/UART_prog.o
                                0x19e (size before relaxing)

.debug_loc      0x00000000      0xa6f
 *(.debug_loc)
 .debug_loc     0x00000000       0x3f APP/main.o
 .debug_loc     0x0000003f       0xa5 HAL/DC_MOTOR/DCMOTOR_prog.o
 .debug_loc     0x000000e4      0x4a8 HAL/LCD/LCD_prog.o
 .debug_loc     0x0000058c      0x195 HAL/LED/LED_prog.o
 .debug_loc     0x00000721      0x30c MCAL/DIO/DIO_prog.o
 .debug_loc     0x00000a2d       0x24 MCAL/TIM0/TIM0_prog.o
 .debug_loc     0x00000a51       0x1e MCAL/TIM2/TIM2_prog.o

.debug_macinfo
 *(.debug_macinfo)

.debug_weaknames
 *(.debug_weaknames)

.debug_funcnames
 *(.debug_funcnames)

.debug_typenames
 *(.debug_typenames)

.debug_varnames
 *(.debug_varnames)

.debug_pubtypes
 *(.debug_pubtypes)

.debug_ranges   0x00000000      0x148
 *(.debug_ranges)
 .debug_ranges  0x00000000       0x10 APP/main.o
 .debug_ranges  0x00000010       0x38 HAL/DC_MOTOR/DCMOTOR_prog.o
 .debug_ranges  0x00000048       0x58 HAL/LCD/LCD_prog.o
 .debug_ranges  0x000000a0       0x20 HAL/LED/LED_prog.o
 .debug_ranges  0x000000c0       0x38 MCAL/DIO/DIO_prog.o
 .debug_ranges  0x000000f8       0x18 MCAL/TIM0/TIM0_prog.o
 .debug_ranges  0x00000110       0x18 MCAL/TIM2/TIM2_prog.o
 .debug_ranges  0x00000128       0x20 MCAL/UART/UART_prog.o

.debug_macro
 *(.debug_macro)
OUTPUT(Project_2.elf elf32-avr)
LOAD linker stubs
